// Vitest Snapshot v1, https://vitest.dev/guide/snapshot.html

exports[`Golden Master — Pipeline d'orchestration (déterminisme & non-régression) > correspond au golden master figé (mettre à jour via \`vitest -u\` après un changement VOLONTAIRE) 1`] = `
{
  "confidenceInRegime": 0.398693,
  "regime": "chaotic",
  "scores": {
    "1": 46,
    "10": 43,
    "11": 43,
    "12": 50,
    "13": 44,
    "14": 39,
    "15": 40,
    "16": 35,
    "17": 40,
    "18": 40,
    "19": 41,
    "2": 44,
    "20": 45,
    "21": 41,
    "22": 41,
    "23": 40,
    "24": 43,
    "25": 37,
    "26": 38,
    "27": 39,
    "28": 37,
    "29": 50,
    "3": 45,
    "30": 35,
    "31": 40,
    "32": 39,
    "33": 44,
    "34": 41,
    "35": 39,
    "36": 38,
    "37": 45,
    "38": 46,
    "39": 44,
    "4": 39,
    "40": 42,
    "41": 40,
    "42": 42,
    "43": 37,
    "44": 46,
    "45": 39,
    "46": 37,
    "47": 46,
    "48": 40,
    "49": 45,
    "5": 42,
    "50": 37,
    "51": 38,
    "52": 43,
    "53": 43,
    "54": 46,
    "55": 43,
    "56": 49,
    "57": 44,
    "58": 39,
    "59": 42,
    "6": 50,
    "60": 46,
    "61": 39,
    "62": 44,
    "63": 38,
    "64": 47,
    "65": 42,
    "66": 43,
    "67": 44,
    "68": 48,
    "69": 42,
    "7": 45,
    "70": 45,
    "71": 47,
    "72": 40,
    "73": 47,
    "74": 42,
    "75": 38,
    "76": 37,
    "77": 42,
    "78": 43,
    "79": 42,
    "8": 47,
    "80": 39,
    "81": 47,
    "82": 51,
    "83": 47,
    "84": 40,
    "85": 50,
    "86": 42,
    "87": 39,
    "88": 40,
    "89": 41,
    "9": 44,
    "90": 42,
  },
  "stabilityScore": 0.400821,
  "top18": [
    12,
    85,
    64,
    1,
    29,
    82,
    6,
    56,
    68,
    83,
    81,
    73,
    71,
    8,
    47,
    38,
    44,
    54,
  ],
  "top5": [
    12,
    85,
    64,
    1,
    29,
  ],
}
`;
